// Vitest Snapshot v1, https://vitest.dev/guide/snapshot.html

exports[`defaultPreferences immutability test > should not modify the config object 1`] = `
{
  "app": {
    "accessMode": "frontend",
    "authPageLayout": "panel-right",
    "checkUpdatesInterval": 1,
    "colorGrayMode": false,
    "colorWeakMode": false,
    "compact": false,
    "contentCompact": "wide",
    "contentCompactWidth": 1200,
    "contentPadding": 0,
    "contentPaddingBottom": 0,
    "contentPaddingLeft": 0,
    "contentPaddingRight": 0,
    "contentPaddingTop": 0,
    "defaultAvatar": "https://unpkg.com/@vbenjs/static-source@0.1.7/source/avatar-v1.webp",
    "defaultHomePath": "/home",
    "dynamicTitle": true,
    "enableCheckUpdates": true,
    "enablePreferences": true,
    "enableRefreshToken": false,
    "isMobile": false,
    "layout": "sidebar-nav",
    "locale": "zh-CN",
    "loginExpiredMode": "page",
    "name": "Vben Admin",
    "preferencesButtonPosition": "auto",
    "watermark": false,
    "zIndex": 200,
  },
  "breadcrumb": {
    "enable": true,
    "hideOnlyOne": false,
    "showHome": false,
    "showIcon": true,
    "styleType": "normal",
  },
  "copyright": {
    "companyName": "Vben",
    "companySiteLink": "https://www.vben.pro",
    "date": "2024",
    "enable": true,
    "icp": "",
    "icpLink": "",
    "settingShow": true,
  },
  "footer": {
    "enable": false,
    "fixed": false,
    "height": 32,
  },
  "header": {
    "enable": true,
    "height": 50,
    "hidden": false,
    "menuAlign": "start",
    "mode": "fixed",
  },
  "logo": {
    "enable": true,
    "fit": "contain",
    "source": "data:image/png;base64,iVBORw0KGgoAAAANSUhEUgAAAVAAAAF1CAYAAAC+ibJcAAAACXBIWXMAAAsSAAALEgHS3X78AAAgAElEQVR4nO2deXwb5Z3/P6PD1uH7dhLHRy7nIich5AaSgoFQSulNabbLtphtfyWkB+3SXXrttqVp6EIJ7G7bUGjLUloCgQ2lCRASQgLkdk7Hthzn8KX4lCxbsvX7QxpZsg7PSHM90vfNS0QezTzPd5Q8bz/XPA/n9XrBCrU7anIAzPf/WOF/EQQTbF2/81G1YyCkxaB2ANGo3VEzHz5Z8q/V6kZEEAnzqNoBENKiGYH6a5d3Aljj/zNb1YAIgiDGQXWB1u6ouRPABgAfVzkUgkhqtuyrqAFQA6AAQDOA5zausJ1SNyq24dToA/XXNh+ET5zligdAECqwdf1OTq28/fL8YoSPnt64wvau0vEkC4rWQGt31FTA1w/0JSXzJQgCq6Icv3fLvormjStszYpGkyTolMikdkdNTu2OmscBNIHkSRBqEK2lZwHw/S37KqglGAeyC7R2R82DAGwAviF3XgRBxAVJNE5kE2jtjpr5tTtq3gGwBTSiThBahyQaB7II1F/rPAKau0kQLGEBsGnLvgqL2oGwgqSDSP7R9W2QeUqS1WhGVValnFkQhCAcbgcae5Nq/KUAvprojzausDnVDkbrSCZQ/5ND2yHxtKSqrHLMLJiHiVnTkGspQUX+HCmTJ4iEsNnr8LP931I7DKkpB0lUEJII1D8Zfhsk6uu8rmQJ5pWsRGX+PORYCqVIkiAIcZBEBZCwQGt31GwA8LtE0ym25ONjlXdjYdk6mIzWRJMjCCJxygF8H8B31Q5EqyQkUCnkWWzJx8enb8CCsrWJJEMQhDyUb9lXcf/GFban1Q5Ei8Qt0ETlSeIkCGZYtWVfBUii4cQl0ETleff0L2B51SeoqU4Q7EASjYDoeaC1O2rWIE55VmWV49HVT+GmGfeQPAmCPVZt2Vdxv9pBaAlRAg2aqiSa26ruwLdWP41imr9JECyzasu+imgLk6QcggUaNEle1FQlq9GMr8zfhNtn14oMjSAIjXI/SdSHmBroNgDzxCRuNZrxrWWbaaCIIJIPkigECtQ/aCTq8UxentRkJ4ikJeUlOq5A/YsgPy4mUZInQaQM92/ZVzFL7SDUQkgNdBtE9HuSPAki5XgoVZfBiylQ/zPuopakI3kSRMqRsmuJjlcDFdV0/8r8TSRPgkhNUlKiUQVau6PmUYhYmu6GshtptJ1hhjwOXO6uC3n1DXSoHRbBFrxEU2YJtYiPcgZtOyyIYks+7pj9gGRBEdIz5HHA3t+Elq6j6Bm4gt7BK7A7r6DL1Q4vRnfb5Te55ne75n9O11swKXMa0g0ZKMmchqKsqSjMmIIsc8qUFUIYFvj6RFNiGbxoz8I/CBEDRxvmP0yPZmqMIY8DV7rrcL5jL5q7DqPL1RaQ4Yj/T16SQhjwOFHfdQxeACc63gtIN89UiImZ0zCjaCXKcueRUAkghdYSjSVQQdxWdQetEq8RhjwO2DrfR0PnXpzp2BdUm+RiXpcI9oEO2Ac6cLR9PwBgUkYVFk2swbSi5STT1CYlJBomUP+keUG1T6vRjLXT75U6JkIkV7pP4kzrThy7shPAaLNbDVr6GtFy5tfwnvk1ZuRdg/kTajB3IvWNpyhJL9FINVDBtc+ayruo6a4i9a27cLp1J5q6j/iPyFfTjIezV4/jzNUT2HX+t1hZ/mnMnbgO6fTvJdUoB1ALYLPagchBiED9qy0Jet692JKPm2bcI0tQRGxae07i76d/gm5Xa1zXT8mdh6z0UmSZSmEyZqAwc2rM87udregdaMWApw+tfedxsa8eTs+A4Pw6XZ34y5mn8EbDNqwpvxsrptK/mxRjUbKuaj+2BrpB6IUrJ90ibSTEuFztt+G9hifQHKhxjo/JYEV5zkKU5c7HxJx5yM8QP093Qk54H3fvQAdauo6h+eoRNHQdQYeAKU8OtxOvn/89Dl7aiTtmfh3TipaKjoVglqRckHmsQO8UcpHVaMbyqk/IEA4RiSGPA4dtz+HQpRcFnW82WDG9YBWmFK5EecF1ssSUZS7EbPNazJ7g69/s6GvC8UtvoK59LzrHkWnHQAd+c/hfUZ07F5+Y+zCyaefVVCHpJBoQqL/5Lmji/JKS66nvUyFae05i95kfo2ewFeP1cZZkTMHCsk+jouB6pBmU/fspzKzETdW1uKm6Fhe76nD04k4cuPxmzGtOd53Ahf3/hJqpG3BthaDf3QT7rNqyr6Jj4wrbX9QORAqCa6BrhF60uupu6SMhwjjS/Dzeb/7NuOdV5CzAkoovozRntgJRjc+k3DmYlDsHq6ZuwJ7z23Dg8t+jnuvwOPHi6a2oa9uLzy/8IQ0ypQaf9Ev0XbUDSZTgRzkFVQGKLfn0vLvMDHkceP3YJhwYR57lOQvwqQVP4OPzN2tGnsFkmQuxfu638J1Vf8D1E9fFPPfU1Tr8+ztfQHtfk0LRESqTFGuJBgtU0KpLi0uWyxQKAfgGiv56+D5c6Dkc9Zx0fQZunvE93DF/M0qytSfOsWSZC3HH3G/hoeXPoDpvbtTzHJ4B/Hzf/Th+cZeC0REqwrxEdUBgp01BzClZKVswqU6Xw4ZXjn895vSkRRM/jS8t/ROmlbA3Ob0wsxJfWrIZn6x+AFaDJep5zx5/DHvqn1cwMkJFmJYoXwOdL/QCemxTHhraduPFw/+AQU9/xM/T9RlYP+c/sHTq/YoPEEnNtRV34hvL/xvlMaZUvVr/HLYff0zBqAgVuZfVZfB4gVYIOXlufsqu3C8rDW27sevcj6N+XmSdii9e9wIm58szJUkNssyFeGDFM1g2IXrf6LsXd5FEUwNm1xIVVQOdnB37iRVCPC32g9h97kdRP59ddBvuXvTfzNc6o/Hxa76Fe6/5VtTP3724Cy8fI4mmAExKVFQNdGLWNPkiSUG6HDa8FUOeq6c8iNXV31QwInWYO3Et/t/SzbAazBE/33NpFw42bVc4KkIFmJMoL1BBAedaSmQMJbXod3XgteNfi9rnuW7GI5g1UdRO0kxTljsH/7x0S1SJ/un0Vhyj0flUwAJg05Z9FdFHGTVEtPVAI1JC8z8lYcjjxO7T34NrOLo8pxTfpHBUidHR14Szbe/hcm89nG7ffXn9r4mZU5FrKcWScZ42KsqsxD8v3YInDzwEhzt89bP/PfVrlGRNoXnIyU8BGFkGz/Ds/tVrfNIfH3p8Uxo+bHwK7Y76iJ+xJs+6y7vw9/rfotPViRHvqDQBYMTLwQvgpL0OFVkV4woU8En0a0t/iScPPIT+MRJ1uAfwm0Pfx0MrnqF/i8kPE2uJCtkXnpCQhrbdON3+WsTPFkz4DDPy7Ohrwn/t/ypeOPEzdLo6Y567uHgpvnLdLwWnXZRZifsWRe4bbnN24qVjPxcVK8EsvEQ125wXLFCrMXLfFCEch6sD7zdtifjZrKLbsGTK/QpHFB8nL+/CE+9/BS19jeOeu2LiWnxu0Q9EP+M+OW8ONkQZnf+g7SAO0KBSqlAO4PtqBxENwQKton6nhNlb/1O4IgwaFVmn4bopbOxqevLyLvy57meCzl0xcS3ujDFFaTyumbQWqyZFfuLqlXO/R7eTtl1OEcq37KvQZO2CmvAK0di+G5d7DoUdTzdkYPWMf0FajEcbtUJnX5NgeS6bsA4fT0CePLfMfACVmRVhxx0eJ3acejLh9AlmWKVFiZJAFWDI48T7jZGb7ksm/xNyrRXKBhQHg24HXjj6L4LOlUqegG/g8rPzHo742cG2g2i+WidJPgQTaE6iJFAFOHHh9xHne07KXoSZjMz1PHzhZdhd4zeZl02UTp48xVmVuHPqFyN+9tzRn0qaF6F5NCVREqjMOFwdOH7lTxE/Wzktcs1Ki+y7MP52ItV5c3HHXGnlybNm+j2ozAx/3qN1oBNHaYJ9qrFKKys4kUBl5tiFZyMeX1J2HzJMbOwF1NhxAAOe8afi3TrzawnlM96g0CfmfD3i8VfPbUsoX4JJNLEMHglURhyuDpzt2BF23GTIwMyJd6kQUXycbd8r6LwsU1HcebT1NuEn734Vbb3RV6Qvz5uD2XnhC0i3OakWmqKoLlESqIw0tP8t4vHrKzcyMerOc6U38lNTYznX/n5c6Xc7O/CL/Zvg8AygofNYzHM/E2VAiWqhKYuqEiWBysjJCH2fJkMGM08b8VzqH3/CPAC8cuZJ0XsaudwO/PajR+DwDAAABtyR1wfgybYUYvWk8O+vzdkJm51G5FOU+7fsq1BlsWISqEw0tu+OOPJ+zYTPqhCNMjjcTvzl+E8x6HYIOt/ldmDr+w+hobc5cOys/ci41y0uq4l4/MOWncICJZKRh9RYBo8EKhPn2/8v4vHqCez0fcZDc18TfnPwoXEl6nI78PT7D6GhrznmeZGI1hf69sW34BIobyLpUGUtURKoDDhcHbjc81HY8eqi25nq+4yX5v7YEuXl2RhBnkJ3PVgapRZ6pi2+flgiKVBcoiRQGbjYtT/i8anFkQu91jHHIf3m/ib853tfCesT5eXZFKXmaTZkCkp/RvH1EXf2PH5F2IwBImnhJarIHEESqAy0dofv6Z6VXooiBvZwj4TFmBHXde0Dnfj1gY3YU/88Llytw/GLu/Cjt++JKk8AmFIgbINYk9GKa4uvDzt+oO0DasYTFvj6RGVv7pFAZcDW9U7YsYr81coHIgGdfU2wD7THfb3DM4BX65/Drw5swrbjj8ERY0K+1WAWtW323NKVEY/b7CdEx0kkHYqsJUoClZiO3pMRj5fkLFA4ksQZdDvw6knlnjVfUhJeo4zFjOKlEY83CBjJJ1IC2SVKApWY1u7IhXdSHlt7ug+6HfjjoY241N+gWJ7rpm8Qfc3cCKPxpzuPShANkSTIKlESqMS09oYLdELWYhUiiZ8hjwMvHN6IywIn0EvBbZV3IMcivt9/en54zb6x74IUIRHJQzmAWjkSJoFKjN1xJuxYgXWaCpHEx5DHgRcObcQlAdt1SMWUrHLcNP3euK6tijLoRE8lEWNYJMcyeCRQCRnyODEYYaviYkb6PwPyVLDmaTVY8IX5D8e9y2ZxZuStZrqcrYmERSQnkq8lSgKVkB5n5OfAM9KLFY5EPEMeB/5XYXlWZZbjoes3J7TPu8loRbGlIOz4VRIoERlJJUoClZB+V+RCm6PxLTuGPA68eFhZeS4puQ73X//LhOTJU2QO/wUl5Jl6ImVZtWVfxSelSIgEKiH9rithx9IN8U1CV4qAPPuUGW2fnTcHD13/C3xh0Q/ibraPpSxL2OOfBBHEJ6VYBs8gRSREdPIt1WqHEBVenpclmqpUnTcXXi/QOdCKDv/+SbPy5sBsyMCU/AWYUbQc2XGMtI+H2Rj++Gf7QJvk+TCOE74ndIhR7t+yrwIbV9jejTcBEqiERJrCpFWGPA78WSJ5Lp2wDutl2gtJCOYIj5q2Oe0qRKJpmgHMVDsIDZKQRKkJn4IMeRx46chGXJFEnh9TVZ4AMEHgCk4EEYW4V7UngcpMaba2pjANeRz4y5GNuCJBn+d1Ez6G21WWJyGYU2oHoHHujWcZPBJoCjHkceCvEtU8SZ7MIX7l6tQirrVESaApgpTyXDLhY7htDskTAEokmIalEFQDHR/REiWByky0uaFKIrU8byV5BhAzFat2R02FfJHEZuMKmxPAIbXyZwhREiWBykzfYPjcUCUZ8jjw8tGNaJVAnteWkjwTpELl/D9UOX9WsADYJGQFJ5rGJCF5lmm43Bu+F5JcDHmc6HI04Ur3EXiDjmeaSpFhKkFjx16c73wXXa5WAFxCeV074WbUzNamPBtUXr6u2JIvdNpUhcyhxGTjCtu7W/ZV3A0g/NlXYiwF8NVEf+SvvUeEBCohaRGeOhry9EqeT3vPSdRdehH1dt/UNa8X8AIBiXq9nO9nb7QUxLFYw/KMxtx85bYJLzIXMyFQPy8BkHxVoiSFX0s0qkSpCS8znc5zkqXV7+rAGyc24ZUT/4zz9j2SpRuLxaXal6fdqW43idCdRAGskTEMQfgnjNOIvHBiLshMApWQaNt2OPyPNSbCxasHsf3oP+Bij3LjAIsYkCcA2AfCB+pESC1h8sylQk8VtmOe/DytdgCMUQ7g+5E+IIFKiFEfeUTWMRj/pmwA0Ni+G2+e+g5cnvC1RuViUenNuIUBeQLACXv4PlRCt0eWAhFPQmXX7qhRXaIbV9iaATyndhyMUR5pGTwSqIREW7autSf+Z+Q7ek9iT/0P474+HhaW3IybGZFntzNy7V7o9shSIGYnUWigGQ8AG1fYdgKIexGNFCVsLVESqMQUWKaHHbvqqI8rrSGPE7tOfzvRkETBkjwBwHb1WMTjORHWCJWTqizBc6/vlDMOMWxcYXsaJFGxhEiUBCoxedYZYcfindp0qPEpDCrYbF9YypY8AeB8Z3jtvticH9cGdYkws2Ce0FNX1+6oyZEzFjGQROMisCAzCVRiSiIsHjLo6UeXwyYqHYerA2c7dkgU1fgsLL0FH5vFljwB4EyEGmhl1hTF45gaYXfQGGyQKYy48EuU+kTFQQKVg6KsayIeb+uJ3NSMxpnLf5EiHEHMKlyBdQzKs623Ca0DnWHHpxUovwJWdclSWI1moac/KGcs8eDvE/0uaIqTYLbsq5hFApUYq6kQWWnh01rOtb0mKp0LV9+J+Xm6IQNT81ehyJr4dJ05pbcmnIYaNNoj/1KaWbxc4Uh8LCm5Xuip5bU7atbIGEpcbFxha964wvZd+KY5hf9mIkLYuMJ2ip5EkoHJeWtw4sqfQo51OurhcHXAahq/b87h6kDvUPTJ4bOKbse1VQ8gzeCb29tiP4i/n/1x3NOcJuSIGkXWDLubXgo7pkb/J881JSvxdstbQk9/FBoZkR+Lf7L9u1v2VSwGsBrAIpVD0iJvAPQopyxMKb4lTKAA0ND+N1wz+Z5xr3cORZ83OrPodiyf/s2QY2X51+HOa57Ay8e+HnFf+vGw9zehlDGJRmu+Ly5Rp/YJjDbjHe4BIaevrt1Rs2br+p3vyBxW3GxcYfsIwEeAr7kK35YgFaC9lU5tXGH7C0AClYUcawWy0kvRO2YlpnNtrwsSaDQiyZMnL6MCn5jnk6jL44g7D1bYF6H2CQCLy25ROJJQ1pStw+uNrwo9/VFotBY6lo0rbKdAa4qGQX2gMlGetybsWO/gFVy8ejCu9KpjyJOHl6jWt1JOFJfbgT0Xd4cdr8qcLMk+84mwovJuMaev1mJfKCEcEqhMVE/4ZMTjdZdeFJ3WjML1WDaOPHnyMipw17z/RLo+eSX6ftPLEY8vn1yjcCTh5FgKcV3JEjGXbNPSvFBCHCRQmbCaClERoRZ6secQ2nvCn90OJviZejHy5MnLqMCaqf9P1DWs4HI78GbTX8OOW40WLJi0ToWIwllT9Skxp5fD15QnGIQEKiOzJ3464vHDF34b8zr+mfoZhetxvUh58kwrWYtsU4mgc1kaQDrQ9DIcnvClGVdPWidqew05qcifI3Y90m9QU55NSKAyUpg1GxOyFocdv9hzCC322H2hq6b+a9zy5Mkxjb/M2pRcwY8gqk6PswNv2iI/YLBcXN+j7HxyztfEXrKdmvLsQQKVmQWTvxzx+PsNj2MoQk2Kp7LopoTyvdpvQ3P3+KtAzS5hZxL9a6efjDhFaM2km1Sb+xmN4qxK3FB2o5hLsgFslykcQiZIoDJTlB25FtozdAWnL4X35UnBkMeB3Wd+Mu55JoMFVYWCn55RlQtX6/BBa3it3WqwYN30DcoHJIA7Zj8g5vFOwDcqv02mcAgZIIEqQLRa6Act/yN6kZHxGPI48OqxB9HmGH8XziVln0GaQRv9hrFwuR34w7GfRvzslsq7NFf75DEZrbhr+r1iL/tS7Y6ax+WIh5AeEqgCFGXPRnXR7RE/23P2JzGb8mIIyFPAFsalmVOwpDL+Sf1K8pfjP0fbQPjCySXmAlxf+QkVIhLOsqo749ng7hu1O2o2yBAOITEkUIVYXPVAxAnu7Y56fNDwVMLp8/Jsd5wf91yTwYr1c8dv4muB4xd34cO2AxE/+9Tsr2lm5D0WX772h2Kb8gDwO6qJah8SqEKkGSxYPT3ivlQ41f4aGtrCn6wRypDHgR0C5Wk2WPGZBf+JTAGLmqhNW28Tth1/LOJnS4qvw4zipQpHFB8moxX3zY9rZ4FvUJ+otiGBKsikvOswJW91xM92nftxXP2hXQ4bXjsuTJ6VufPx5ev/hPyMCtH5KM2g24EnDz4U8bNicwHunqfsVieJUl2yFLdV3RHPpV+q3VHzDk1x0iYkUIVZPv07yE6PPD/zlWNfx9V+m+C0uhw2vHLs62jvjy3PnPQS3Drzu7hz/mYmBo0G3Q7818GH4HBH7hu+Z/7DTDTdx3L77Fqxj3nyrAZgo8n22oMEqjBpBgvWzvqPiJ8NDvfjlePCJXq1vyHq8nXp+gzMLbkVH5/7H/jS9X/E9JK18YasKLw8bb22iJ9/btb9KM9j58mpsXx2/rfFbEAXTDaAt2t31DxOtVHtwG17b9WaA3bL2+OdODd/Fh5YtlmJmFKChrbdeKv+R/B6fT97wfn+9PpWm//4NU8gT2BTe8jjQJfDBn9SyLNWMFHTHMug24H/PvgQmvzy5O9nxP/nyolr8cl57G09MhaX24En9m9CY2/cu2c0A3hw6/qdNPFeZagGqhJTim/C/NLPRvxs0NOP7SJqomkGK4qzZ6PE/2JZnrY+W8TPKzMrcNusB5QNSiZMRiu+vmxzvDVRwLcAycv+vtE10kVGiIUEqiLXTrkfs6LMD+UlOt4z88lAe1/TuPL86tJfMtnvGQ0JJAr4+kbfJpGqBwlUZVbM+GZMie44+TBOXnpF4aiUo6WrDk8d3IjmKPKsSEJ58kgkUWBUpLbaHTUP1u6oqUg8OkII1AeqEfae/QVOtb8e1Cca+ue0/FVYPePbTDbPo7H3/PN47fzvMeL19//6j/PfQXlmBb6SpPIMxuV24IWjP8fB1g+kTPYYgG0A3tm6fudRKRMmRiGBaoi9Z3+Bk22vAwgXKABkpZdgbfUjKMmerXhsUtI70IG/Hv8pTnedAICIAq3IqsA/XZf88gxm99nn8dK5P8iV/B4ARwHY/H9CyxvasQIJVGMcbX4eB5p/E1GgXr9oZhffimVTa5msjX5k246d57fB4XGOjrKPEejM3Dm4Z9EPkZ5C8uQ503oA/3P050J39iTU5QbqA9UY88vvwboZj8TcGK6u7f/w7IHPoe4iO32jLV11ePq9r+IvZ56KuKI8z4qJa/GPSzenpDwB3xNLP77puXgWICFUQH/nP5ZXXBwwbhjvxGJLIa4tu1mBkIi8jCqU5y5DR+9JONxXgz7hAu+GvUNounoQZ1v/BoshG/kZVcoHKoCLXXXYfuJn2Hn+OfQMdUc8xwsOVqMZn5uzEaunfVHhCLWHQZ+Ga8tuxkRLCc7Yj8I94lE7JCIyz5JANYo5LQdTi24ChodxpY/fhI4LO2/Q049znXtx9srfoOf0yLWUQa9LUzbYCFzsqsMrdT/DG+efg93VHtIVMZbJmZXYsOjHqCpYpFh8LFCaXYVV5bdjaLATtt4mtcMhwnmW+kAZoLXnJHaf+TG6XW0AwkerRwI/+wR7TUkNphSuRHnBdYrG2TvQgfr297Cv+UV0+Nfv5J+wGgkyaHD/7u1T78XKqWysS6om3c4O/PHoT3HCfkrtUIhRbiCBMsKQx4G6iy/j/ebfjitQ/vN0gxUzClZhSuFKTMiZI8ugU0dfE1quHsOhSzvR0t8YYRpWZIFW587FJ+Y+jGyNriavVdp6m7Cn8SW83fKW2qEQJFD26Hd14L3zT6LevndcgXpDjntRkjEFxRnTUJg5DUWZU5GRXoxMs3CBdfY1YdDjwIWrR3Glrx7nrx6F0z8gNBrDmLzHCLTQXIBPXfM9lOWyuyCIFuh2dmBf00t4p+XvNGKvHiRQVmntOYljLS/iXOdewQIduzgHL7scUzHyzKUhx3i8AC711QeWlhsrxnCJI+J5+aYCrJv6ZcydyMaqUCxxpvUAjrfuxQet75NMleUGg9oREPHhWzjkB1jm6sBHtmdxrvNdDLgdcaXV5WpHl6sdQHj/aqzBHyHMyJ2LZRWfwtQiNlaPZ5HqkqWoLlmKTwOw2etQ17oXF3rOU3+pApBAGSfTVIgbqr+J5Z5a2Drfx6nWnWjqUvfJvQJzIWYXrcSS8ruRJaKLgEicivw5qMgf7R6x2etwuec8rg5cwYWe83C4HYkso0eMgQSaJKQZrJheshbTS9aiz9WBK93HcL5jH2zdhzEQZWV3KSnLqEJV3nxcM/EWFGZWyp4fIYyxQh2Ly+1AK02RCuFn+4WvOUsCTUIyTYXI9MsUAK50n0RHfz3ae+vR1l+PSwK2PY5FvqkIeeZSVOQuQFHWVEzKmZuyTw6xjslojSlYIjYk0BSgNGc2SnNCFyDpG+hA/2AbXO5+tPeN7qkUqc8z3ZCBosypAICJNHpOEAFIoClKprkwMIWpspAGeAgiHmgxEYIgiDghgRIEQcQJCZQgCCJOSKAEQRBxQgIlCIKIExqFh2+Fm4bOYzjaujdwrMBSgtVVd6M4iyaFE6mLzV6HD1p2otPZCgCwGDMwPX8BZpUsRw6tpJW6Au12duBQy9+w9+IbaHPaw0+wn8LbLW/hK/M3YUEZLYBBpB6vndyK1xtfDTt+sPUD4OQzqMoqx/KyW7CwbF1Kbf4XTMoJtNvZgTfPbRO8nuJ/Hd2MbxgzUF1CcyWJ1GH32ecjyjOYxt5mNJ58Bs+dfAY3lN2Ij03fkHK10pQRqMvtwKsnn4prIdoXTj6JR0mgRIrgcjuws+mvoq55u+UtvN3yFm6rugNrp9+bMjXSlBhEOtKyC4/s/mLcq3i3Oe2w2eskjoogtMnpBNYVfb3xVTyy+4s403pA4qi0SVIL1OV2YNuH/4b/OrqZFpolCIFc9Q8YxYvDPYBfffgDvHZyq9RsJakAACAASURBVEQRaZekFWhbbxOe2L/J1+FNEITivN74Kh7bcz9ccS70zQJJKdC23iY8tn8TLRxLECrT2NuMn777VbQl6ZqjSSdQXp7UZCcIbdDmtOOx/ZuSUqJJJVCSJ0FoE4d7AFs//H7SNeeTRqAutwNbP/w+yZMgNEqb044n9m9KKokmjUB/++G/Rn6iiCAIzdDY24xXTz6ldhiSkRQC3d+4nbZwJQhGeLvlraSZJ8q8QLudHfjrud+rHQZBECL4n6M/T4qmPPMC/ePRn1K/J0EwhsM9kBRNeaYFarPXUdOdIBjl7Za30O3sUDuMhGBaoP939ndqh0AQRAK8eW6b2iEkBLMCpdonQbAP67VQZgX6QctOtUMgCEIC9jW9pHYIccOkQF1uR9xL0xEEoS0+an1P7RDihkmBnm59X/E8c8zFiudJEGowp3S5ovm1Oe3MPifPpEDr7UcUze+GshtTbqsCInUpzqrE3PxZiub5YcsbiuYnFUwK9JT9mGJ5VWWV447ZDyiWH0FogS9f+0NUZZUrlt+FnvOK5SUlzO2J1O3sQPuAHRwnbz5Wgxk1VXfhxun3yJsRQWgQk9GKry/bjN3nfo/Xm2JvLicFdVfZnFHDXA20e6BN9jyqMifjm8s2kzyJlMZktOK22bX4t1VPwWowy54fi/2gzAm00X4UHLyyvTKMZtx37Y9RnFWp9q0ShCYozqrEN5dtlrXccfDC5WHv2XjmBCo3n5/9AA0YEcQYirMq8UmZW2QNnUdlTV8OmBPoVecVcBxkeWUYLZg/aa3at0gQmmThpJtlK3scB8g8rCELzAnUPpDYlquxqKJmO0FEJcdSiCmZyo3MswBzo/AAg9YniCTBYsyg8hcEfRcEQRBxwlwNlIN8fSUs9sEQhJJQ+QuFaqAEQRBxwl4NlAM4zitb2gRBREfO8sciVAMlCIKIE+ZqoDrIZ336bUIQsZGz/LHYAiRnEARBxAkJlCAIIk6Ya8IDbE53UIILV+tw+OJOHGl7Dw7PQMj3pPN3/PPHuMDx0XM4jDnH/yb4tyx/bOy5oekAEzOrMG/CrZhfdmf8N0RoEip/ozApUCKc4xd34dnjjwUJbhSl5QkAl/sbcfnckzh++TXcPueHyLNOEH9TBKFxmGvCy7qYAaO/WqPJU8d5x5Unv5RYyDkJyjM4jsv9Nvzh8IPoG+yO694IbUGLiYTCnECJUAbdDrx0+tcR5ckTS55h54yRZ/AvFrHy5HEO2fG3M0+SRImkgzmBcjK/WKO56wScHicAeeQ5ek588uSva+09hg8v7SaJMg6VvVCYEygRSqt/My4ty5PjAKf7KoZH3Pjo8lvoH+oRcGcEoX2YG0TiECoJqdNmkbHy5CJ+xv+svDxH0+YwMuLBoUtvY9HEG5CRlj3OnRFaQ9byx2ABpBpokiBGnsFNJuXkCej8HaoerwdHLu+BY6hX0L0RhFZhUqDUBxOKWHkGzlFQnlzgIAcOHIa9Hhy98i5JlEGo/I3CpECJUSJLzIem5Ol/x4Hz1UTBwTPiwbHWfXAO9UW9P4LQMswJlJ8vJsuL0V+DLMqTAweO4zA8MowTbe+RRBlB1vKn5I1IBHMCJSIT/A9Qk/LkvGHy5KADxwGeEQ/q2t8niRLMwegovHxps0hw3FqVZ+D9GHkG10RPdhzE7MLrYEnLjH3DhGrIWf5YhGqgjKOWPEMeAY0iz+DVywN1zwjy9P3sm+J0quNDDLj7Bd07QagNcwL1FTyvPC+Gf7MqLc+oaUfMgz8WXZ4cn7J3GKc7PiKJahRZy5/aNxcHzAmUCIcJeQLjylPH6QCOw7B3GGc7D2PA7Yh53wShNkwKlEYAw0lInpz88uQ/G0+efD/piHcY9fYjJFENQuVvFCYFSoSSsDwDx8eXZ/DqTKHy5MaRp1ewPPnR+uGRYZy/egwu/2IpBKE1mBMoh9FCTOsRhosKiF+eY6+PJE+ecHlGeEw0kB5/vXB58rIdGRnBeftxkqhGkLX8MVgAmRMoEY6W5Dk2Jv4zHSBannyf6Yh3GI1X60iihOZgTqA6mV8so2V5+n4WL0/wNVHvCGxdp0iiKkNlLxRW4ybGEE2eYVt2RJBncPNJLnkGXydWnoF5ot4R2LrOkEQJzcDek0gy9pWw2AcDxJZn4Bz//4SNmkeeID96Thzy9AcQrzy5QOojaOk5h8nZM5BuMEf/UghZkLX8yZOsrFANlHHYkScSlqeO8/WkDo+MoKWnHoOegajfC0EoAQk0CWBBnlzgh8TkyX/uxQgu9TZgaNgV/YshCJlhrgkPhAqC8DFWngHBaUWefBoSyJO/fsQ7gks9DZiYPQVpelP0L4eQFCp/o1ANNAmIR54clJUnP5FeKnny13vhxeVeG9zDg+N8SwQhPcwJlJP5xRphEgz6IJY8MfY6meUJQHJ58v95MYIrfSRRJaDyFwpzTXiOk3E9UBb/BsGGPAPpSSxPcLxEvWjrb0FxRhmM+vQY3xaRCHKWPxYNylwNlIiM9uUJ2eTJH/N6R9DhuEg1UUIxSKBJAC8onYbl6Tsmnzz5Y16vF53OK3APD0X9vghCKpgTKPXBhBIsz7HHlJBnxKeYolwvtzx1/mMj3hHYSaKyQGUvFOYESoSjpjyjncMFHQ+NSV55evlj8OLqQBtJlJAV5gaRgNCCm/JoXJ4IOV8ZefLXw+tF10A78izFMOiMEb8+QjxU/kahGmiSoH15QlF58p8DQPdAJzwj7mhfHUHEDXMC5TgZ+2EY/c3KhDzhVVye/DWAFz0uO4ZHPNG/REIQspY/JW9EIpgTKBEZqeQZ2mcZWZ6Rzhkrz9DBpeAV6ZWVJ+fPw+sFege7SKKEpDDXB+ovDrKlzRrphgxJ5Rk4J4Y8x54TSZ5j4zDqzarJE4FzvOgb7EZmeg70Oub+6WsCOcsfi1ANlHGmFi4HoG15chxQYJ3jS1MleXL8wBK8cAz1Uk2UkATmBMpx3kDzUPoXe79ZM82FmOOXKKBNeQLApIK1qsuTA8BxOngBON19GPEOx/xuiXDkLX9q3514mBMoEc7Ns76NjLT8qPIc7bOMLk9fwZBHntOLPwNzWn4gEjXlyb8HAKe7nyRKJASTAqVNrUJJM1jx+YVbkGspjyhP/l0sefJEk2ewYIXK02TIw6zSDSjOuRZakudocx4YoufmRUPlbxTqSU8S8qwT8LmFv8Q+28vodtZjeMQdIgu+3qXn4JtQxAGjEuPfI+ga/zGOv9L3f12QlOC/NvDefy0HDtb0UuRmztZMs32sPPlr9Jxetr8TIvlhTqCjdQd50maZzPQcrKj4BD68tBvDIx6fbIKEE209ztCfR+Uo1R5GWpWnL00SqBio/IXCYM2Zk/nFNpnpObh24k0w6tNInuPIkwucTwiHyl4wzAnUVxi88rzUvjmJyEzPweKJN8KoSyN5Iro8fddRDVQMcpY/FmFOoIQwMtKysXDCGqTp00DyjCxPqn0SicKcQPlBC1leSVaeMtKysaB0NdL0aSTPCPKkASTxyFr+lLwRiWBOoIQ4rGlZmFeyEmn6dJLnmJonNd+JRGFSoPTbTxzWtCxcU7zc1ydK8gyKmYgHKn+j0L+iFMGSlom5xcuCJAqksjw5cNDpqAaqJToc9WqHIBqm5oEOeRxo7j4iW19lWc4CeRLWCJa0TMwuWoqTHR9gZMST0vIk4sP3PcszYn6h+4gs6coJUzXQj2zPqR0C81jSMjG7cIngeaLJK08u6D0hlCxTqWxpuzz9qLv4imzpywEzAq1v3YVDF1+U7TlcHYB0Q6aCd6QelrRMzCy8FgbOmLLypD7Q+MgylchaBt8+/yvUt+5S8I4SQ/P/ioY8Drxz5hd448y/y55XQeZU2fPQCmZjBqoLF8GoizxPNNnlSXNA4yPLVCJ7Hm+c+Xccsj0vez5SoGmBDnkc2H70QZxo/T9F8suzViiSj1YwGzMwvWABDDpjSskTgXQIsWSa5WvCB7Pf9lu8+NE/YcjjUCS/eNHsv6IhjwOvHH0Q7Y4GcL7yJesrx1SCNINV7dtWHLPRimn582HQpaWQPKn2GS8l2bMVKY8cB7Q7GvDK0QfVvuWYaFagb5/5OdocDYrlV5azULG8tIbZaMXU/GugD6mJJrM8uaDPCLGUKzhbpc3RgPfPP61YfmLR5DSmC/aDOG/fq+g/8Um5yT2FaTxMBgum5M1FU9dJjHhHNClPt8eJ95r+jNZ+my82+Gsrwarkgt8j5Dj8OfhiGr13zn8u/35a4UosmHyn1F9x0lBVsErRKUeHL72IysKVKMmerVieQtGkQN89/7jieU7OX6p4nlrDZLCgMnc2bF2nMeId1pQ87Y4L+N2hRzEwPABgVIy6oFW0OMC/UDTgy9X/3v9Gh2BReiNc46Oh+xg+vPgX3LP4CVjScqT8ipOC8vxlwPlfKZrnh7bfYv28zYrmKQTNNeGv9tvQO9gK2Zasi/CaU3xrSvZ/RsJksKAidyYM/tF5LciTA/DC8Z+HyFPHeWWRJ19rvTpwBTtO/QKeEbe0X3ASkGEqRHnOAkXLaEvPYfS7OtS+9TA0J9BzrW8onueM0hrF89QyJoMF5TkzoNcZNCFPu6MFV112AKPy5N+PHuPfJy5P/rxL3Yfw0aXdJNEIVJfcqniezfb9iuc5HpoTqN1RH1Ss5H+VZy/UZN+K2qQbzJicPR1GnRFqDxgNepwAwuXJBY7Bf0w6eXIc4BkZQt9gDw5ffpskOoapxTchJ71E0bJq79fes/KaE6jSLK74stohaJZ0gxmTsqfCwBlUkyeCzh4rTyBxeQamzSAonTHX9w314MiVdzE84pHuy00CllTcp2h+fa4riuYnBM0JlP/HrEjtM2chiqn2GZM0vQkTs6dAzxnUkaffcHLJk38fSCfoevhj4qCDY6gHx1r3kkSDmFp8E3JNCtZC+b8oDaE5gSrJqukPqx0CE6TpTZiQVQmdTq+4PAP5YLQgAQrJ0xdp4H76h3pxom0/STSIG2Y8onYIqqJJgQaaVTK+lpb/IzJMhWrfKjOk6U2YkFnpG1hSWJ783E7F5ckhcD+6QE20F3VtB0iifoqzZ2PhxM8oUma1iCYFKjdl2Qsxv/wetcNgDqM+HSUZk317CSkqTy4gOzHy5HONV578T7w8+did7j6c6viQJOpnfvm9KLKmzkI8wWhuIv2lvkvoGpLX666uegx5nEgzWGTNJxkx6tNRlFGGDsdlACMKP57pi0GoPEOvES9Pn3xD5cm/H3D34UznIVQXLIJep7lipChDHidsvZcwOCxvudX1XZI1/XjQXA3U6RmAe4ST9dU75MSfD29U+1aZxahPR6F1AnScXiF5cgrJkws5z59zmDw5/3P2Tnc/ztmPpHxN9LmPatHvHpK93Do9A2rfahiaEyiA4H+9sr0aextw5sqbyt1TkmHUpyPfMsG/NbDMNU9/nmPlyS/CK508I430R5YnOB104DDgdqDefjxlJXqg4bfodHUpUma1iOYEykG+1a7Hvt4892uF7io5MerTkGcpgc7fJypPs50/P1ye/HsgfnkG6s4R5Ol7jDC6PPmfBz0ONHbVpaRE99heUKy8atGhmhOokvS5HXj7zBa1w2Aan0SLA6u8Sy3PUSn7kFqeiCFP3zmx5cnft8vjRFPXKYx4h6X4Wplgx7GH4fGOqB2GqqS0QAHgg0s71Q6BeQw6I3LNReDga85LKc9g5JLn2FYiL09fmuPLk7+3weEBNHedSRmJnuw8pGh+BRb5txMRi+YEOi1/viLdKfxr2DuCExe3K3R3yYtPogXQcTqJ5ekXVix5conJM+TcIHn65h8Kkycf8+DwAC50n0t6ib5zZgtGvKG/fOR+TcisVujuhKM5gS4q+6zieb7f/AfF80xG9DoDsk35Qf2WicuTX0k+pjwDZ4fK03dO/PIEH7lAeeoCNVEXLvacT2qJHlF4AFbHAYsrvqhonkLQnECLsmdigrXU/9tfmZfd1YV+V6fat54U6HUGZKbn+iUjjTxHBcd/IkyewdfEJ0+Ilifnr4EPDQ/icm9TUkq0vec0XCNuRctodf41yDAVqH3rYWhOoABw66zvKR7YR7bnFM4xedHrDMhIywYnhTz93QHxyjN0BFecPH3HxcuT31NqaNiFK33NGEmygZbDLS8omp+R47C2+nuK5ikUTQq0KHsmbqj8vKL9K01dBxW6u9RArzPAmpY1WguNU56+GixfEw2VZ+DvL4Y8+ePxyNN3LD55cv5j7uEhtPdfSCqJNnQdUaxc6jngk3P/TZO1T0CjAgWAJVVfxvUTb1MsP/uAXbG8UgWfRDNHpyPFI0+OC4hxrDx95/FXyiBPICF5+n4G3MND6HBcShqJ9g05FclHxwFrKj6PysIViuQXD5oVKACsrt6I22d8PTDCKicerxftPaflzyjF0HF6mI3WBOTJKxAR5TlaW5FDnkhYnjr4+oI9w4PodFxmXqJ1F19RJB8jx+FTcx/FkqovK5JfvGhaoAAwZ9LH8cCyF1BgykVgVFWmV0f/ObVvNynRcXqYjFafWOKQp/+UiPL0fSSPPPl4EpWnT/46DHs9uOpsZ1qil7oPy14OJ1hL8dVlf9J0zZNH8wIFgAxTAe5b/meYDWmy5nO+Y4+s6acyOk6HNL1ptEksRp6QT56j/aiR5AnJ5MlfPzwyhO6BDnj9cbOGy9Mna/r5pjzcu/Q5zfZ5joUJgfLcNPV+eadLqH2DSY6O0yHNYBItzxBhSixP/jh/3ti+VSnlyZ837PWgZ6CTSYl2OltkLYN3zPmh2rcoCqYEOnvix2HkmAqZGAMHDga9b895IfIMuVZheXLwSi5PfnESz8gwel1dzEnUPTwoW9pmfRqKsmfKlr4cMLcSrMVoRt+QQ5a0r/SflyVdIhSfRI0YGRkWJM/M9OK45ckLMh55mo15ssjT98uDw4h3GP2DPchIz475i0NLBH/nUpPLSLM9GKrOEarAgYNO519LdJyaZ6a5EHMKl/uvU0aeHAdMzl8nmzz5+aUj3mE4hnqZq4nKQVY6e3uUkUAJ1QgfUIrOTdUbkWue4LtOAXlOzFmF4pxrIac8+bS8Xi9cbnlaVYS8MNeEB2iwJxWxpOXgH5f+Bn878zS6BprB11x1fg3qOcDLCyogJ16mod0EIZ8HzvP9X8dxKMxeBHNaPpSQZ+Achvr25Sp/HIMFm0GBBtcb5Eib0CoGnRE3V9+PQ5feQt9Qd0BkY7ceHm8bjkQfz5RcnojdhaEtqPwFw86vPT9880yWl9o3R4yLQWfEook3ItuUn1Ty1HF6Nb9WwchZ/liEOYEShEFnxILS1chOz0UyyJPjdNDr2BAoEQpzAuUHA2R5URWUGQw6I+aXrkJWei7z8uT7aFlA1vKn5I1IBHMCJQgevc6AeSUrfBJlWJ6jMRCsQX9rBNPodQbMKV6KjLQckiehOMz9zcnZfGCxCUH4JDq76DpY03KYlCcrA0gAlb2xMCdQgoiEXmfAzMLFsKZlMyVPPgaCTRicBwpmpzwQ8qLXGTCjYCHq7ccw4O5nQp58jCwhV/lj61vwQb/6iKRCrzNgWv48WNKymJAnwTb0N0gkHXqdAVPz5sJizILW5RkY9CKYhLkmPAevbNbnaEWcpEGvM6Aydxaau8/A5XFqV56sNd9lLH8sQt8FkbTodQZU5M6E2ZgBrcqTap9sw14NlPO95EqbSC50nB7lOTPQ0lOPoWEXyTNBqPyFwpxAicT5wLYdDfYjGPD0Y+wcvMCjekEHOYSuq8kfg//c4oypWDT5bmSatbkgro7Toyx7Gi71NvolSvIkpIEEmmI8se+raO6zAfCLccxCxDputC+YF2noosTegDz5nTIbu4/h8JXXcUv1dzCrZKVyNyMCHafHxKwqtPbZMDg8SPIkJIG5PlB6Eil+PrBtl1yefI10aNiFN88+hiv+9LWIjtOjJLMSJoOF5BknVPZCYU6gRPzUte0FIL08fQXAi6FhB+raDqC1r1mZG4oDHadDccZkpOvNJE8iYZhswtOTSPEjlzwDP3McTnZ8AI7ToTijTJF7EouO06EoowydjstwjwyRPEVCTyKNQjXQFEJKeY42vbyBa3RAYHDmdMeHaO+/qNzNiUTH6VBgnYB0vYnkScQNCTSFCO5riiVPfqoKL09dBHn6rvGGChdAYE1O6HC28zA6HJeUuj3R6Dgd8iwlMOjSSZ5EXDDXhA8uwHKknezwt6gLrl0iVJ6+80blyV83rjw5BOSp8/cr1tuPgYMOBdZS+W8uDnScDvnWYnQPdGJ4xAOSZ2zkLH8sQjXQFIKXo1zyHK2B+gdl/H82XD2OTker/DcYJxw45JgLYNAZSZ6EKNirgQYVfDnSTnbklKcv/VB58pJp6j4JHcchz1Is/03GAQcO2eZ89Lm6MOIdIXlGQc7yx+LXRjXQFCIw6MP/LLE8fdeGy5NfIb65+wy6Bjrkvs244cAh05QLvc5A8iQEwVwNNLjAy5F2MhMiOxnk6dvfO7I8dZweOk6Hlp6z4ADkaPSxTw4cMtKzMTDUjxGMkDzHIGf5Y5FkdwYRAbnkqQNiypNf4PhibwN6XHZF7jUeOHAwp2VAz4XXRFNZnkQ4JNAUI3F5clHlyX8eS578INPlvkb0uq7Kf8NxwoGDyWjxNedJnkQUmGvCA6kx2CMHHKSQpze6PDkIkqdPOnq09l8Ax3HITM+V/d7jgQOHNIMJnuGhwBGSp3zlj8VvkmqgKYTc8uQAwfLk37c7LqJvsFvuW48bDhwM+rRA3y6Q2vIkQmGuBso/JSNX2smM3PL0HRMuT76/tNN5GRzHISMtW/4vIQ44cDDojBjxDvt+SmF5yln+WIRqoCmGnPIEIFqe/DldzjY4h/oU+AbiR8fpU1qeRDjs1UAhX19JKhQLOeU5Og9UnDz1/rmj3a52AIAlLVPmbyF+Ul2eVP5CoRpoCiGXPPlC5fs5PnnqON8QV++gHQNuh/xfBkFIAHM1UCJ+OAHy5PxHgsXou9Y7ZhAKEQSLhOTJL0TSN9gFjuNgMlhk/04IIhGYE2hwLUiOtJOZ0Voi/97f9JZKnvAmLE9+tLt/sBccOKQbzIp8N4Qw5Cx/LELfRQpRlDFVVnka9GZJ5Mkfc7r74R4eVObLIYg4YFKgvmeupX8lO4sm3w2T3iSLPAFgUs5KyeTJLynndDvgDkxkJ7SAXOWPxelRTAqUiI9McyFurv4O0g1WyWueFfkfQ1nhOknlyR8fHB5Q7ksiCBGw1wcKmkaRCLNKViLXWoa6tgNjRsy5QP9lrCXp4p3nGa88Oc43iZ3QBnKWPxZhTqBE4pRmVoCDf/dMjctTh9FHKAlCa5BAU5SSzHJwnG/3TC3L05emXu2viyAiwpxA+b43udJOJYozysCBw9nOw5qVJ/8ZoQ2o/IXCnEAJaSnKmASO41BvP6ZZeXLUhCc0CgmUQKF1Ijj4ds/Umjx1gWsIQnuQQAkA8O/bzvl2z9SQPKn2SWgZEigRoMBaAh3n2z1TK/Kk2iehZUigRAh5lmJwnH/3TJXlSf2fhNYhgRJh5JoLwQG42NtA8iSIGJBAiYjkmAvBcb7dM9WSJ63+TmgdEigRlWxTPjhwgd0zSZ4EEQoJlIhJlikP/O6ZJE+CCIUESoyLb992/+6ZJE+CCEACJQSRmZ4DjuPQ5WwjeRKEHxIoIZiMtGzowO+eSfIkCBIoIQp+y+HeQTvJk0h5SKCEaCxpmeA43+6ZJM/Uwj1CW04Hw9xMZbMhW7a0B4f74HB1ypZ+MmE2WpFlygPJM3Xo7D2NEe+I2mFoCuYEakkvkTX9/ef/Q9b0kwmTwYLM9GySZ4rwXv2P1Q5BczAn0DR9pqzpX+49hBb7e7LmkUykG8zISMsieSY5Z6+8iu7Bi7LmMTl/tazpywFzAi3JWShzDl68dfZfSKIiMOrTYTFmkDyTlLNXXsWBpl/Kno8lLV/2PKSGOYFOyl2mQC5evHX2e3j96FepT1QgRn0aTAYLyTOJcLg68cqhL+BA02YAXtnzK8tfLnseUsOcQK2mAsXWiOx0nsH2I58niQrEoDMiTW8ieSYBnb2n8dLhu2VvtvOky9w1JxfMCRQAstImKJaXxzuInSfuVyw/1tHrDDDq00iejLPr9LegRK2TJ986Q7G8pESwQNsH2uSMQxQV+WsVzc/h7kBn72lF82QZHaeHXmcgeTJKi/09DA73KZpndeldiuYnFYIF2ua0yxmHKOZV/AOU3gTV7qhXND/WCTTjSZ7McebKXxXNT8fpmOz/BGBjsgkPADnpE9UOgSAICSjJlHtmjXBcbuFPWm1dv9OmA3BUvnDkY2HFA2qHQBCEBCyYfJ/aIQRo7W0Sdb7uS8v2dAs92WavEx2QXJTlL2d25I4gCB856ZNQkDVT7TDihm/C9wg52eXulzEU8SyY/BW1QyAIIgGWT3tE7RBCaOgU3CDfA4wKVNBVl3rOxxGSfMwovQNWY6HaYRAEEQcTshZrrvZpH7gi9NRuYFSgNiFXnLUfER+RzKyZ8SMoPSJPEERi6Dgdlk39rtphhNHc0yD01KOASIE2iuxgVYKCrJmoLrpD7TAIghDBkoqNsJoK1A4jBJfbgcbeZqGnhwj0HSFXONwDaNOgRK+b+hA15QmCEQos1ZhRqr1Kj81+QtTpgMg+UABo6DwmJhPFqJn7NAxcutphEAQRg3R9Jm6b/4zaYUTkvPAuyp6t63eO1kC3rt/ZDUCQGd9reSOu4OTGairAnQv+COoPJQhtYuDSsX7eNrXDiMpHrYKXsHyHf6OLdDAWjb3N6HZ2CA5KSaymAtw44ycgiRKEtjBw6bhzwR811+/J09bbJOZx9Xf4N6IFCgCHWv4m9FTFKctfjhtn/ESxJe8IgoiN1uUJAHsaXxJz+nb+TcAyW9fv3A6BE+r3XtRmM56nLH857lrwZ+oTJQiVsRoLNS9Pl9uBD1rf7ABSoQAABZtJREFUF3p689b1O238D2OradshgDanHUdadgnNUBWspgJ84fo3UWCpVjsUgkhJJmQtxt3XvqRpeQLA4Za/w+EeEHp6iCPjEigAvN+yU+ipqnLb/GewtHJTwk16FvdrIYh4KMqYk9D1Bi4dSys3Yd2czRJFJC9vNolqvj8e/EOIVfzNeEEzSU/YT2lqcZFYzCi9A3ct+DMmZC1GPANMDK9XSBCimVqyHvENxHKYkLUYX7j+TU3O84zEkZZdYgaPjgU334HICypvE5ratqM/FXqq6lhNBVg3ZzNum7PV36wX/g/kmtJ75QuMIDSG1VQg8uk+nzjvXvgSM7VOwNf3+YeTT4m55PGxBzivN3Tfk9odNTkAuoSm+MXZX8WyqjvFBKEJHK5O1F38Pc53vAGPdzDKWRyqi+7AdVMfUjQ2gtACf6/bhMu9H0X93GosRFnuMmbLx+6zz+Olc38QenrP1vU7c8YeDBMoANTuqNkG4EtCUrUazXhk1TPIsbD7KGVn72k0tO9Ea88hDHh8ExHyrTOwYPJ9mlsthiCUpLP3NA42Po6+wUsAgMz0iSjImIE5k+7V/OBQLNp6m/DoHlGLsv9g6/qdj449GE2gFQAEP/R+XckSbLj2B2KCIQiCUI3H9twvZuGQHgAV/ic2Q4g4NO3vKH1WaOoHWz/A/kbBA/gEQRCqsfvs82LkCQCPR5InEHtXzkchcGI9ADx38hlNrtREEATBc6b1gJh+T8DnwLDBI56oAvXXQqNeGInH9m8StasdQRCEUrT1NuF/jv5c7GUPRqt9AuPsC+/vNBVc13W4B/AESZQgCI3hcjvw+yM/E/PEEQDs2bp+57ZYJwh5PGeDmBwbe5tJogRBaAaX24En9m8S2+8JAA+Od8K4At26fuc7AH4lJleSKEEQWiABeW7kF02OhdAHxB+FwAWXeUiiBEGoSQLy3LN1/U5B4z+CBOrvRN0AEaPywKhEaXSeIAglaettwiO7vxiPPHsACH60MuJE+mjU7qi5E8DLYiOyGs24b/63UV2yVOylBEEQojjSsgt/OPmU2AEjngVCmu48ogQKALU7ah4F8G8igwIA3FZ1B26fXRvPpQRBEDFxuR149eRTeLvlrXiT+IfxRt3HIlqggLhn5cdSbMnHhvkPoyI/sTUHCYIgeM60HsALJ58UszTdWCI+6z4ecQkUSEyiAHBD2Y342PQNTC9CQhCEunQ7O7D95JM42PpBIsk8u3X9zg3xXBi3QIHEJWo1mlFTeReWV30CJqM17jgIgkgtup0dePPctkSa6zxxyxNIUKBA4hLluaHsRqyuuhvFWZWJJkUQRJJis9fhg5adUogTSFCegAQCBaSTKABUZZVjedktmFWynJr3BEGg29mBU63v4c2mlxLp4xzLRqFzPWMhiUABoHZHzQYAv5MkMT9VWeWYWTAPU/MXoCRrCgmVIFKAbmcHWnsbcN5+BB+1vielNAHfPM8HxY62R0MygQJA7Y6a+QDeAZAtWaJBWI1mVGVVosBSgnxzaeD4lIL5cmRHEISMNHSOTrds6a2H092PE/ZTcmZ5DMAGMfM8x0NSgQKBPZW2A1gtacIEQRDx8yzGWZouHiQXKE/tjpoH4XuGXpbaKEEQhAB64Kt1yrJlhtDFRETj76CdD+AVufIgCIKIwbPw7WUk235DstVAg6ndUbMGvv3my2XPjCCIVGcPgEf9S3HKiiIC5fGP1D8KEilBENJzDL5+zneUylBRgfL4RboBNNBEEETiKFbjHIsqAuXxT3t6EL7192iwiSAIoTTDN9vncf8GmKqgqkCD8a81yr9IpgRBjIWX5jtyDgyJQTMCDcZfM13jf80H9ZkSRCpyDMBR/2u7mjXNaGhSoJHwj+TnwCdU+P/MUS0ggiCkohs+ScL/Z7ca/Znx8P8BG997Fm7t7dgAAAAASUVORK5CYII=",
  },
  "navigation": {
    "accordion": true,
    "split": true,
    "styleType": "rounded",
  },
  "shortcutKeys": {
    "enable": true,
    "globalLockScreen": true,
    "globalLogout": true,
    "globalPreferences": true,
    "globalSearch": true,
  },
  "sidebar": {
    "autoActivateChild": false,
    "collapseWidth": 60,
    "collapsed": false,
    "collapsedButton": true,
    "collapsedShowTitle": false,
    "enable": true,
    "expandOnHover": true,
    "extraCollapse": false,
    "extraCollapsedWidth": 60,
    "fixedButton": true,
    "hidden": false,
    "mixedWidth": 80,
    "width": 224,
  },
  "tabbar": {
    "draggable": true,
    "enable": true,
    "height": 38,
    "keepAlive": true,
    "maxCount": 0,
    "middleClickToClose": false,
    "persist": true,
    "showIcon": true,
    "showMaximize": true,
    "showMore": true,
    "styleType": "chrome",
    "wheelable": true,
  },
  "theme": {
    "builtinType": "default",
    "colorDestructive": "hsl(348 100% 61%)",
    "colorPrimary": "hsl(212 100% 45%)",
    "colorSuccess": "hsl(144 57% 58%)",
    "colorWarning": "hsl(42 84% 61%)",
    "mode": "dark",
    "radius": "0.5",
    "semiDarkHeader": false,
    "semiDarkSidebar": false,
  },
  "transition": {
    "enable": true,
    "loading": true,
    "name": "fade-slide",
    "progress": true,
  },
  "widget": {
    "fullscreen": true,
    "globalSearch": true,
    "languageToggle": true,
    "lockScreen": true,
    "notification": true,
    "refresh": true,
    "sidebarToggle": true,
    "themeToggle": true,
  },
}
`;
